Archive member included to satisfy reference by file (symbol)

c:/nxp/mcuxpressoide_10.1.1_606/ide/tools/bin/../lib/gcc/arm-none-eabi/6.3.1/../../../../arm-none-eabi/lib/thumb/v6-m\libcr_semihost_nf.a(_cr__main.o)
                              ./startup/startup_mkl25z4.o (__main)
c:/nxp/mcuxpressoide_10.1.1_606/ide/tools/bin/../lib/gcc/arm-none-eabi/6.3.1/../../../../arm-none-eabi/lib/thumb/v6-m\libcr_semihost_nf.a(_cr_assert.o)
                              ./drivers/fsl_adc16.o (__assertion_failed)
c:/nxp/mcuxpressoide_10.1.1_606/ide/tools/bin/../lib/gcc/arm-none-eabi/6.3.1/../../../../arm-none-eabi/lib/thumb/v6-m\libcr_semihost_nf.a(__ciob.o)
                              c:/nxp/mcuxpressoide_10.1.1_606/ide/tools/bin/../lib/gcc/arm-none-eabi/6.3.1/../../../../arm-none-eabi/lib/thumb/v6-m\libcr_semihost_nf.a(_cr_assert.o) (__Ciob)
c:/nxp/mcuxpressoide_10.1.1_606/ide/tools/bin/../lib/gcc/arm-none-eabi/6.3.1/../../../../arm-none-eabi/lib/thumb/v6-m\libcr_semihost_nf.a(__sys_appexit.o)
                              c:/nxp/mcuxpressoide_10.1.1_606/ide/tools/bin/../lib/gcc/arm-none-eabi/6.3.1/../../../../arm-none-eabi/lib/thumb/v6-m\libcr_semihost_nf.a(_cr_assert.o) (__sys_appexit)
c:/nxp/mcuxpressoide_10.1.1_606/ide/tools/bin/../lib/gcc/arm-none-eabi/6.3.1/../../../../arm-none-eabi/lib/thumb/v6-m\libcr_c.a(memcpy.o)
                              ./drivers/fsl_flash.o (memcpy)
c:/nxp/mcuxpressoide_10.1.1_606/ide/tools/bin/../lib/gcc/arm-none-eabi/6.3.1/../../../../arm-none-eabi/lib/thumb/v6-m\libcr_c.a(memset.o)
                              ./drivers/fsl_flash.o (memset)
c:/nxp/mcuxpressoide_10.1.1_606/ide/tools/bin/../lib/gcc/arm-none-eabi/6.3.1/../../../../arm-none-eabi/lib/thumb/v6-m\libcr_c.a(_deferredlazyseek.o)
                              c:/nxp/mcuxpressoide_10.1.1_606/ide/tools/bin/../lib/gcc/arm-none-eabi/6.3.1/../../../../arm-none-eabi/lib/thumb/v6-m\libcr_semihost_nf.a(_cr_assert.o) (__flsbuf)
c:/nxp/mcuxpressoide_10.1.1_606/ide/tools/bin/../lib/gcc/arm-none-eabi/6.3.1/../../../../arm-none-eabi/lib/thumb/v6-m\libcr_c.a(_fflush.o)
                              c:/nxp/mcuxpressoide_10.1.1_606/ide/tools/bin/../lib/gcc/arm-none-eabi/6.3.1/../../../../arm-none-eabi/lib/thumb/v6-m\libcr_c.a(_deferredlazyseek.o) (_fflush)
c:/nxp/mcuxpressoide_10.1.1_606/ide/tools/bin/../lib/gcc/arm-none-eabi/6.3.1/../../../../arm-none-eabi/lib/thumb/v6-m\libcr_c.a(_writebuf.o)
                              c:/nxp/mcuxpressoide_10.1.1_606/ide/tools/bin/../lib/gcc/arm-none-eabi/6.3.1/../../../../arm-none-eabi/lib/thumb/v6-m\libcr_c.a(_deferredlazyseek.o) (_Cwritebuf)
c:/nxp/mcuxpressoide_10.1.1_606/ide/tools/bin/../lib/gcc/arm-none-eabi/6.3.1/../../../../arm-none-eabi/lib/thumb/v6-m\libcr_c.a(alloc.o)
                              c:/nxp/mcuxpressoide_10.1.1_606/ide/tools/bin/../lib/gcc/arm-none-eabi/6.3.1/../../../../arm-none-eabi/lib/thumb/v6-m\libcr_c.a(_deferredlazyseek.o) (_Csys_alloc)
c:/nxp/mcuxpressoide_10.1.1_606/ide/tools/bin/../lib/gcc/arm-none-eabi/6.3.1/../../../../arm-none-eabi/lib/thumb/v6-m\libcr_c.a(fputs.o)
                              c:/nxp/mcuxpressoide_10.1.1_606/ide/tools/bin/../lib/gcc/arm-none-eabi/6.3.1/../../../../arm-none-eabi/lib/thumb/v6-m\libcr_semihost_nf.a(_cr_assert.o) (fputs)
c:/nxp/mcuxpressoide_10.1.1_606/ide/tools/bin/../lib/gcc/arm-none-eabi/6.3.1/../../../../arm-none-eabi/lib/thumb/v6-m\libcr_c.a(fseek.o)
                              c:/nxp/mcuxpressoide_10.1.1_606/ide/tools/bin/../lib/gcc/arm-none-eabi/6.3.1/../../../../arm-none-eabi/lib/thumb/v6-m\libcr_c.a(_deferredlazyseek.o) (fseek)
c:/nxp/mcuxpressoide_10.1.1_606/ide/tools/bin/../lib/gcc/arm-none-eabi/6.3.1/../../../../arm-none-eabi/lib/thumb/v6-m\libcr_c.a(ftell.o)
                              c:/nxp/mcuxpressoide_10.1.1_606/ide/tools/bin/../lib/gcc/arm-none-eabi/6.3.1/../../../../arm-none-eabi/lib/thumb/v6-m\libcr_c.a(fseek.o) (ftell)
c:/nxp/mcuxpressoide_10.1.1_606/ide/tools/bin/../lib/gcc/arm-none-eabi/6.3.1/../../../../arm-none-eabi/lib/thumb/v6-m\libcr_c.a(initio.o)
                              c:/nxp/mcuxpressoide_10.1.1_606/ide/tools/bin/../lib/gcc/arm-none-eabi/6.3.1/../../../../arm-none-eabi/lib/thumb/v6-m\libcr_semihost_nf.a(_cr__main.o) (_initio)
c:/nxp/mcuxpressoide_10.1.1_606/ide/tools/bin/../lib/gcc/arm-none-eabi/6.3.1/../../../../arm-none-eabi/lib/thumb/v6-m\libcr_c.a(setvbuf.o)
                              c:/nxp/mcuxpressoide_10.1.1_606/ide/tools/bin/../lib/gcc/arm-none-eabi/6.3.1/../../../../arm-none-eabi/lib/thumb/v6-m\libcr_c.a(initio.o) (setvbuf)
c:/nxp/mcuxpressoide_10.1.1_606/ide/tools/bin/../lib/gcc/arm-none-eabi/6.3.1/../../../../arm-none-eabi/lib/thumb/v6-m\libcr_c.a(__init_alloc.o)
                              c:/nxp/mcuxpressoide_10.1.1_606/ide/tools/bin/../lib/gcc/arm-none-eabi/6.3.1/../../../../arm-none-eabi/lib/thumb/v6-m\libcr_c.a(alloc.o) (__heaps)
[...]
Memory Configuration

Name             Origin             Length             Attributes
PROGRAM_FLASH    0x00000000         0x00020000         xr
SRAM             0x1ffff000         0x00004000         xrw
*default*        0x00000000         0xffffffff

Linker script and memory map

LOAD ./utilities/fsl_debug_console.o
LOAD ./startup/startup_mkl25z4.o
LOAD ./source/gpio_led_output.o
LOAD ./source/mtb.o
LOAD ./source/semihost_hardfault.o
LOAD ./drivers/fsl_adc16.o
LOAD ./drivers/fsl_clock.o
LOAD ./drivers/fsl_common.o
LOAD ./drivers/fsl_flash.o
LOAD ./drivers/fsl_gpio.o
LOAD ./drivers/fsl_lpsci.o
LOAD ./drivers/fsl_smc.o
LOAD ./drivers/fsl_uart.o
LOAD ./board/board.o
LOAD ./board/clock_config.o
LOAD ./board/pin_mux.o
LOAD ./CMSIS/system_MKL25Z4.o
START GROUP
LOAD c:/nxp/mcuxpressoide_10.1.1_606/ide/tools/bin/../lib/gcc/arm-none-eabi/6.3.1/../../../../arm-none-eabi/lib/thumb/v6-m\libcr_semihost_nf.a
LOAD c:/nxp/mcuxpressoide_10.1.1_606/ide/tools/bin/../lib/gcc/arm-none-eabi/6.3.1/../../../../arm-none-eabi/lib/thumb/v6-m\libcr_c.a
LOAD c:/nxp/mcuxpressoide_10.1.1_606/ide/tools/bin/../lib/gcc/arm-none-eabi/6.3.1/thumb/v6-m\libcr_eabihelpers.a
END GROUP
                0x00000000                __base_PROGRAM_FLASH = 0x0
                0x00000000                __base_Flash = 0x0
                0x00020000                __top_PROGRAM_FLASH = 0x20000
                0x00020000                __top_Flash = 0x20000
                0x1ffff000                __base_SRAM = 0x1ffff000
                0x1ffff000                __base_RAM = 0x1ffff000
                0x20003000                __top_SRAM = 0x20003000
                0x20003000                __top_RAM = 0x20003000

.text           0x00000000     0x353c
 FILL mask 0xff
                0x00000000                __vectors_start__ = ABSOLUTE (.)
 *(.isr_vector)
 .isr_vector    0x00000000       0xc0 ./startup/startup_mkl25z4.o
                0x00000000                g_pfnVectors
                0x00000000                __Vectors
                0x000000c0                . = ALIGN (0x4)
                0x000000c0                __section_table_start = .
                0x000000c0                __data_section_table = .
                0x000000c0        0x4 LONG 0x353c LOADADDR (.data)
                0x000000c4        0x4 LONG 0x1ffff080 ADDR (.data)
                0x000000c8        0x4 LONG 0x8 SIZEOF (.data)
                0x000000cc                __data_section_table_end = .
                0x000000cc                __bss_section_table = .
                0x000000cc        0x4 LONG 0x1ffff088 ADDR (.bss)
                0x000000d0        0x4 LONG 0xf0 SIZEOF (.bss)
                0x000000d4                __bss_section_table_end = .
                0x000000d4                __section_table_end = .
 *(.after_vectors*)
 .after_vectors.init_data
                0x000000d4       0x16 ./startup/startup_mkl25z4.o
                0x000000d4                data_init
 .after_vectors.init_bss
                0x000000ea       0x12 ./startup/startup_mkl25z4.o
                0x000000ea                bss_init
 .after_vectors.reset
                0x000000fc       0x4c ./startup/startup_mkl25z4.o
                0x000000fc                ResetISR
 .after_vectors
                0x00000148      0x10c ./startup/startup_mkl25z4.o
                0x00000148                NMI_Handler
                0x0000014c                SVC_Handler
                0x0000014e                PendSV_Handler
                0x00000150                SysTick_Handler
                0x00000152                LPTMR0_DriverIRQHandler
                0x00000152                Reserved39_DriverIRQHandler
                0x00000152                DMA0_DriverIRQHandler
                0x00000152                SPI1_DriverIRQHandler
                0x00000152                I2C0_DriverIRQHandler
                0x00000152                PORTD_DriverIRQHandler
                0x00000152                DMA2_DriverIRQHandler
                0x00000152                CMP0_DriverIRQHandler
                0x00000152                TPM2_DriverIRQHandler
                0x00000152                ADC0_DriverIRQHandler
                0x00000152                SPI0_DriverIRQHandler
                0x00000152                TSI0_DriverIRQHandler
                0x00000152                RTC_Seconds_DriverIRQHandler
                0x00000152                I2C1_DriverIRQHandler
                0x00000152                DMA1_DriverIRQHandler
                0x00000152                LLWU_DriverIRQHandler
                0x00000152                MCG_DriverIRQHandler
                0x00000152                PIT_DriverIRQHandler
                0x00000152                RTC_DriverIRQHandler
                0x00000152                TPM1_DriverIRQHandler
                0x00000152                FTFA_DriverIRQHandler
                0x00000152                IntDefaultHandler
                0x00000152                USB0_DriverIRQHandler
                0x00000152                DAC0_DriverIRQHandler
                0x00000152                PORTA_DriverIRQHandler
                0x00000152                LVD_LVW_DriverIRQHandler
                0x00000152                TPM0_DriverIRQHandler
                0x00000152                Reserved45_DriverIRQHandler
                0x00000152                DMA3_DriverIRQHandler
                0x00000152                Reserved20_DriverIRQHandler
                0x00000154                DMA0_IRQHandler
                0x0000015c                DMA1_IRQHandler
                0x00000164                DMA2_IRQHandler
                0x0000016c                DMA3_IRQHandler
                0x00000174                Reserved20_IRQHandler
                0x0000017c                FTFA_IRQHandler
                0x00000184                LVD_LVW_IRQHandler
                0x0000018c                LLWU_IRQHandler
                0x00000194                I2C0_IRQHandler
                0x0000019c                I2C1_IRQHandler
                0x000001a4                SPI0_IRQHandler
                0x000001ac                SPI1_IRQHandler
                0x000001b4                UART0_IRQHandler
                0x000001bc                UART1_IRQHandler
                0x000001c4                UART2_IRQHandler
                0x000001cc                ADC0_IRQHandler
                0x000001d4                CMP0_IRQHandler
                0x000001dc                TPM0_IRQHandler
                0x000001e4                TPM1_IRQHandler
                0x000001ec                TPM2_IRQHandler
                0x000001f4                RTC_IRQHandler
                0x000001fc                RTC_Seconds_IRQHandler
                0x00000204                PIT_IRQHandler
                0x0000020c                Reserved39_IRQHandler
                0x00000214                USB0_IRQHandler
                0x0000021c                DAC0_IRQHandler
                0x00000224                TSI0_IRQHandler
                0x0000022c                MCG_IRQHandler
                0x00000234                LPTMR0_IRQHandler
                0x0000023c                Reserved45_IRQHandler
                0x00000244                PORTA_IRQHandler
                0x0000024c                PORTD_IRQHandler
                0x00000400                . = 0x400
 *fill*         0x00000254      0x1ac ff
                0x00000400                PROVIDE (__FLASH_CONFIG_START__, .)
 *(.FlashConfig)
 .FlashConfig   0x00000400       0x10 ./startup/startup_mkl25z4.o
                0x00000400                Flash_Config
                0x00000410                PROVIDE (__FLASH_CONFIG_END__, .)
                0x00000001                ASSERT (! ((__FLASH_CONFIG_START__ == __FLASH_CONFIG_END__)), Linker Flash Config Support Enabled, but no .FlashConfig section provided within application)
 *(.text*)
 .text.UART_EnableTx
                0x00000410       0x40 ./utilities/fsl_debug_console.o
 .text.UART_EnableRx
                0x00000450       0x40 ./utilities/fsl_debug_console.o
 .text.LPSCI_EnableTx
                0x00000490       0x40 ./utilities/fsl_debug_console.o
 .text.LPSCI_EnableRx
                0x000004d0       0x40 ./utilities/fsl_debug_console.o
 .text.DbgConsole_Init
                0x00000510       0xf4 ./utilities/fsl_debug_console.o
                0x00000510                DbgConsole_Init
 .text.GPIO_SetPinsOutput
                0x00000604       0x18 ./source/gpio_led_output.o
 .text.GPIO_ClearPinsOutput
                0x0000061c       0x18 ./source/gpio_led_output.o
 .text.GPIO_ReadPinInput
                0x00000634       0x20 ./source/gpio_led_output.o
 .text.Disp_7_seg
                0x00000654      0x578 ./source/gpio_led_output.o
                0x00000654                Disp_7_seg
 .text.main     0x00000bcc      0x16c ./source/gpio_led_output.o
                0x00000bcc                main
 .text.HardFault_Handler
                0x00000d38       0x2c ./source/semihost_hardfault.o
                0x00000d38                HardFault_Handler
 .text.CLOCK_SetEr32kClock
                0x00000d64       0x30 ./drivers/fsl_clock.o
 .text.CLOCK_SetPllFllSelClock
                0x00000d94       0x38 ./drivers/fsl_clock.o
 .text.OSC_SetExtRefClkConfig
                0x00000dcc       0x48 ./drivers/fsl_clock.o
 .text.OSC_SetCapLoad
                0x00000e14       0x4c ./drivers/fsl_clock.o
 .text.CLOCK_GetMcgExtClkFreq
                0x00000e60       0x28 ./drivers/fsl_clock.o
 .text.CLOCK_GetFllExtRefClkFreq
                0x00000e88       0xa4 ./drivers/fsl_clock.o
 .text.CLOCK_GetFllRefClkFreq
                0x00000f2c       0x2c ./drivers/fsl_clock.o
 .text.CLOCK_GetPll0RefFreq
                0x00000f58       0x10 ./drivers/fsl_clock.o
 .text.CLOCK_GetOscRangeFromFreq
                0x00000f68       0x4c ./drivers/fsl_clock.o
 .text.CLOCK_GetPllFllSelClkFreq
                0x00000fb4       0x4c ./drivers/fsl_clock.o
                0x00000fb4                CLOCK_GetPllFllSelClkFreq
 .text.CLOCK_SetSimConfig
                0x00001000       0x38 ./drivers/fsl_clock.o
                0x00001000                CLOCK_SetSimConfig
 .text.CLOCK_GetFllFreq
                0x00001038       0x84 ./drivers/fsl_clock.o
                0x00001038                CLOCK_GetFllFreq
 .text.CLOCK_GetPll0Freq
                0x000010bc       0x70 ./drivers/fsl_clock.o
                0x000010bc                CLOCK_GetPll0Freq
 .text.CLOCK_SetExternalRefClkConfig
                0x0000112c       0x16 ./drivers/fsl_clock.o
                0x0000112c                CLOCK_SetExternalRefClkConfig
 *fill*         0x00001142        0x2 ff
 .text.CLOCK_SetInternalRefClkConfig
                0x00001144      0x128 ./drivers/fsl_clock.o
                0x00001144                CLOCK_SetInternalRefClkConfig
 .text.CLOCK_EnablePll0
                0x0000126c       0x98 ./drivers/fsl_clock.o
                0x0000126c                CLOCK_EnablePll0
 .text.CLOCK_InitOsc0
                0x00001304       0x98 ./drivers/fsl_clock.o
                0x00001304                CLOCK_InitOsc0
 .text.CLOCK_SetPbeMode
                0x0000139c       0xb0 ./drivers/fsl_clock.o
                0x0000139c                CLOCK_SetPbeMode
 .text.CLOCK_BootToPeeMode
                0x0000144c       0x70 ./drivers/fsl_clock.o
                0x0000144c                CLOCK_BootToPeeMode
 .text.GPIO_WritePinOutput
                0x000014bc       0x34 ./drivers/fsl_gpio.o
 .text.GPIO_PinInit
                0x000014f0       0x64 ./drivers/fsl_gpio.o
                0x000014f0                GPIO_PinInit
 .text.CLOCK_EnableClock
                0x00001554       0x38 ./drivers/fsl_lpsci.o
 .text.LPSCI_GetInstance
                0x0000158c       0x48 ./drivers/fsl_lpsci.o
                0x0000158c                LPSCI_GetInstance
 .text.LPSCI_Init
                0x000015d4      0x270 ./drivers/fsl_lpsci.o
                0x000015d4                LPSCI_Init
 .text.LPSCI_GetDefaultConfig
                0x00001844       0x44 ./drivers/fsl_lpsci.o
                0x00001844                LPSCI_GetDefaultConfig
 .text.LPSCI_GetStatusFlags
                0x00001888       0x26 ./drivers/fsl_lpsci.o
                0x00001888                LPSCI_GetStatusFlags
 *fill*         0x000018ae        0x2 ff
 .text.LPSCI_ClearStatusFlags
                0x000018b0       0x98 ./drivers/fsl_lpsci.o
                0x000018b0                LPSCI_ClearStatusFlags
 .text.LPSCI_WriteBlocking
                0x00001948       0x4c ./drivers/fsl_lpsci.o
                0x00001948                LPSCI_WriteBlocking
 .text.LPSCI_ReadBlocking
                0x00001994       0xc0 ./drivers/fsl_lpsci.o
                0x00001994                LPSCI_ReadBlocking
 .text.UART0_DriverIRQHandler
                0x00001a54       0x24 ./drivers/fsl_lpsci.o
                0x00001a54                UART0_DriverIRQHandler
 .text.CLOCK_EnableClock
                0x00001a78       0x38 ./drivers/fsl_uart.o
 .text.UART_GetInstance
                0x00001ab0       0x54 ./drivers/fsl_uart.o
                0x00001ab0                UART_GetInstance
 .text.UART_Init
                0x00001b04      0x1fc ./drivers/fsl_uart.o
                0x00001b04                UART_Init
 .text.UART_GetDefaultConfig
                0x00001d00       0x44 ./drivers/fsl_uart.o
                0x00001d00                UART_GetDefaultConfig
 .text.UART_GetStatusFlags
                0x00001d44       0x26 ./drivers/fsl_uart.o
                0x00001d44                UART_GetStatusFlags
 .text.UART_WriteBlocking
                0x00001d6a       0x3a ./drivers/fsl_uart.o
                0x00001d6a                UART_WriteBlocking
 .text.UART_ReadBlocking
                0x00001da4       0x98 ./drivers/fsl_uart.o
                0x00001da4                UART_ReadBlocking
 .text.UART1_DriverIRQHandler
                0x00001e3c       0x24 ./drivers/fsl_uart.o
                0x00001e3c                UART1_DriverIRQHandler
 .text.UART2_DriverIRQHandler
                0x00001e60       0x24 ./drivers/fsl_uart.o
                0x00001e60                UART2_DriverIRQHandler
 .text.CLOCK_SetLpsci0Clock
                0x00001e84       0x38 ./board/board.o
 .text.BOARD_InitDebugConsole
                0x00001ebc       0x30 ./board/board.o
                0x00001ebc                BOARD_InitDebugConsole
 .text.CLOCK_SetSimSafeDivs
                0x00001eec       0x20 ./board/clock_config.o
 .text.CLOCK_SetXtal0Freq
                0x00001f0c       0x1c ./board/clock_config.o
 .text.CLOCK_CONFIG_SetFllExtRefDiv
                0x00001f28       0x3c ./board/clock_config.o
 .text.BOARD_BootClockRUN
                0x00001f64       0x64 ./board/clock_config.o
                0x00001f64                BOARD_BootClockRUN
 .text.CLOCK_EnableClock
                0x00001fc8       0x38 ./board/pin_mux.o
 .text.PORT_SetPinMux
                0x00002000       0x40 ./board/pin_mux.o
 .text.BOARD_InitPins
                0x00002040       0xe4 ./board/pin_mux.o
                0x00002040                BOARD_InitPins
 .text.SystemInit
                0x00002124       0x18 ./CMSIS/system_MKL25Z4.o
                0x00002124                SystemInit
 .text.__main   0x0000213c        0xc c:/nxp/mcuxpressoide_10.1.1_606/ide/tools/bin/../lib/gcc/arm-none-eabi/6.3.1/../../../../arm-none-eabi/lib/thumb/v6-m\libcr_semihost_nf.a(_cr__main.o)
                0x0000213c                __CR_SEMIHOST
                0x0000213c                __main
 .text.__assertion_failed
                0x00002148       0x4c c:/nxp/mcuxpressoide_10.1.1_606/ide/tools/bin/../lib/gcc/arm-none-eabi/6.3.1/../../../../arm-none-eabi/lib/thumb/v6-m\libcr_semihost_nf.a(_cr_assert.o)
                0x00002148                __assertion_failed
 .text.__sys_appexit
                0x00002194        0xc c:/nxp/mcuxpressoide_10.1.1_606/ide/tools/bin/../lib/gcc/arm-none-eabi/6.3.1/../../../../arm-none-eabi/lib/thumb/v6-m\libcr_semihost_nf.a(__sys_appexit.o)
                0x00002194                __sys_appexit
                0x00002194                __exit
 .text.memset   0x000021a0        0x8 c:/nxp/mcuxpressoide_10.1.1_606/ide/tools/bin/../lib/gcc/arm-none-eabi/6.3.1/../../../../arm-none-eabi/lib/thumb/v6-m\libcr_c.a(memset.o)
                0x000021a0                memset
 .text._deferredlazyseek
                0x000021a8       0x40 c:/nxp/mcuxpressoide_10.1.1_606/ide/tools/bin/../lib/gcc/arm-none-eabi/6.3.1/../../../../arm-none-eabi/lib/thumb/v6-m\libcr_c.a(_deferredlazyseek.o)
                0x000021a8                _deferredlazyseek
 .text.__flsbuf
                0x000021e8      0x150 c:/nxp/mcuxpressoide_10.1.1_606/ide/tools/bin/../lib/gcc/arm-none-eabi/6.3.1/../../../../arm-none-eabi/lib/thumb/v6-m\libcr_c.a(_deferredlazyseek.o)
                0x000021e8                __flsbuf
 .text._fflush  0x00002338       0x5c c:/nxp/mcuxpressoide_10.1.1_606/ide/tools/bin/../lib/gcc/arm-none-eabi/6.3.1/../../../../arm-none-eabi/lib/thumb/v6-m\libcr_c.a(_fflush.o)
                0x00002338                _fflush
 .text._Cwritebuf
                0x00002394       0x68 c:/nxp/mcuxpressoide_10.1.1_606/ide/tools/bin/../lib/gcc/arm-none-eabi/6.3.1/../../../../arm-none-eabi/lib/thumb/v6-m\libcr_c.a(_writebuf.o)
                0x00002394                _Cwritebuf
 .text.malloc   0x000023fc       0xcc c:/nxp/mcuxpressoide_10.1.1_606/ide/tools/bin/../lib/gcc/arm-none-eabi/6.3.1/../../../../arm-none-eabi/lib/thumb/v6-m\libcr_c.a(alloc.o)
                0x000023fc                malloc
 .text.free     0x000024c8       0x2c c:/nxp/mcuxpressoide_10.1.1_606/ide/tools/bin/../lib/gcc/arm-none-eabi/6.3.1/../../../../arm-none-eabi/lib/thumb/v6-m\libcr_c.a(alloc.o)
                0x000024c8                free
 .text._Csys_alloc
                0x000024f4       0x20 c:/nxp/mcuxpressoide_10.1.1_606/ide/tools/bin/../lib/gcc/arm-none-eabi/6.3.1/../../../../arm-none-eabi/lib/thumb/v6-m\libcr_c.a(alloc.o)
                0x000024f4                _Csys_alloc
 .text.fputs    0x00002514       0x2e c:/nxp/mcuxpressoide_10.1.1_606/ide/tools/bin/../lib/gcc/arm-none-eabi/6.3.1/../../../../arm-none-eabi/lib/thumb/v6-m\libcr_c.a(fputs.o)
                0x00002514                fputs
 *fill*         0x00002542        0x2 ff
 .text.fseek    0x00002544       0xf0 c:/nxp/mcuxpressoide_10.1.1_606/ide/tools/bin/../lib/gcc/arm-none-eabi/6.3.1/../../../../arm-none-eabi/lib/thumb/v6-m\libcr_c.a(fseek.o)
                0x00002544                fseek
 .text.ftell    0x00002634       0x48 c:/nxp/mcuxpressoide_10.1.1_606/ide/tools/bin/../lib/gcc/arm-none-eabi/6.3.1/../../../../arm-none-eabi/lib/thumb/v6-m\libcr_c.a(ftell.o)
                0x00002634                ftell
 .text._initio  0x0000267c       0x7c c:/nxp/mcuxpressoide_10.1.1_606/ide/tools/bin/../lib/gcc/arm-none-eabi/6.3.1/../../../../arm-none-eabi/lib/thumb/v6-m\libcr_c.a(initio.o)
                0x0000267c                _initio
 .text.setvbuf  0x000026f8       0x48 c:/nxp/mcuxpressoide_10.1.1_606/ide/tools/bin/../lib/gcc/arm-none-eabi/6.3.1/../../../../arm-none-eabi/lib/thumb/v6-m\libcr_c.a(setvbuf.o)
                0x000026f8                setvbuf
 .text._sbrk    0x00002740       0x40 c:/nxp/mcuxpressoide_10.1.1_606/ide/tools/bin/../lib/gcc/arm-none-eabi/6.3.1/../../../../arm-none-eabi/lib/thumb/v6-m\libcr_c.a(_cr_sbrk.o)
                0x00002740                _sbrk
 .text._fdopen  0x00002780       0x74 c:/nxp/mcuxpressoide_10.1.1_606/ide/tools/bin/../lib/gcc/arm-none-eabi/6.3.1/../../../../arm-none-eabi/lib/thumb/v6-m\libcr_c.a(_fdopen.o)
                0x00002780                _fdopen
 .text.fclose   0x000027f4       0x5c c:/nxp/mcuxpressoide_10.1.1_606/ide/tools/bin/../lib/gcc/arm-none-eabi/6.3.1/../../../../arm-none-eabi/lib/thumb/v6-m\libcr_c.a(fclose.o)
                0x000027f4                fclose
 .text.fflush   0x00002850       0x44 c:/nxp/mcuxpressoide_10.1.1_606/ide/tools/bin/../lib/gcc/arm-none-eabi/6.3.1/../../../../arm-none-eabi/lib/thumb/v6-m\libcr_c.a(fflush.o)
                0x00002850                fflush
 .text.remove   0x00002894       0x12 c:/nxp/mcuxpressoide_10.1.1_606/ide/tools/bin/../lib/gcc/arm-none-eabi/6.3.1/../../../../arm-none-eabi/lib/thumb/v6-m\libcr_c.a(remove.o)
                0x00002894                remove
 *fill*         0x000028a6        0x2 ff
 .text.strlen   0x000028a8       0x58 c:/nxp/mcuxpressoide_10.1.1_606/ide/tools/bin/../lib/gcc/arm-none-eabi/6.3.1/../../../../arm-none-eabi/lib/thumb/v6-m\libcr_c.a(strlen.o)
                0x000028a8                strlen
 .text.__check_heap_overflow
                0x00002900       0x18 c:/nxp/mcuxpressoide_10.1.1_606/ide/tools/bin/../lib/gcc/arm-none-eabi/6.3.1/../../../../arm-none-eabi/lib/thumb/v6-m\libcr_c.a(_cr_check_heap.o)
                0x00002900                __check_heap_overflow
 .text._do_fflush
                0x00002918       0x44 c:/nxp/mcuxpressoide_10.1.1_606/ide/tools/bin/../lib/gcc/arm-none-eabi/6.3.1/../../../../arm-none-eabi/lib/thumb/v6-m\libcr_c.a(_do_fflush.o)
                0x00002918                _do_fflush
 .text.__aeabi_division_idivmod
                0x0000295c       0x78 c:/nxp/mcuxpressoide_10.1.1_606/ide/tools/bin/../lib/gcc/arm-none-eabi/6.3.1/thumb/v6-m\libcr_eabihelpers.a(division_32.o)
                0x0000295c                __aeabi_idivmod
                0x0000295c                __aeabi_idiv
                0x00002962                __aeabi_uidivmod
                0x00002962                __aeabi_uidiv
 .text.__aeabi_division_idiv0
                0x000029d4        0x2 c:/nxp/mcuxpressoide_10.1.1_606/ide/tools/bin/../lib/gcc/arm-none-eabi/6.3.1/thumb/v6-m\libcr_eabihelpers.a(division_idiv0.o)
                0x000029d4                __aeabi_idiv0
 .text.__aeabi_memset_lowlevel
                0x000029d6       0x2a c:/nxp/mcuxpressoide_10.1.1_606/ide/tools/bin/../lib/gcc/arm-none-eabi/6.3.1/thumb/v6-m\libcr_eabihelpers.a(memcpy.o)
                0x000029d6                __aeabi_lowlevel_memset
 .text.__sys_close
                0x00002a00        0xc c:/nxp/mcuxpressoide_10.1.1_606/ide/tools/bin/../lib/gcc/arm-none-eabi/6.3.1/../../../../arm-none-eabi/lib/thumb/v6-m\libcr_semihost_nf.a(__sys_close.o)
                0x00002a00                __sys_close
 .text.__sys_flen
                0x00002a0c        0xc c:/nxp/mcuxpressoide_10.1.1_606/ide/tools/bin/../lib/gcc/arm-none-eabi/6.3.1/../../../../arm-none-eabi/lib/thumb/v6-m\libcr_semihost_nf.a(__sys_flen.o)
                0x00002a0c                __sys_flen
 .text.__sys_istty
                0x00002a18        0xc c:/nxp/mcuxpressoide_10.1.1_606/ide/tools/bin/../lib/gcc/arm-none-eabi/6.3.1/../../../../arm-none-eabi/lib/thumb/v6-m\libcr_semihost_nf.a(__sys_istty.o)
                0x00002a18                __sys_istty
 .text.__sys_remove
                0x00002a24        0xc c:/nxp/mcuxpressoide_10.1.1_606/ide/tools/bin/../lib/gcc/arm-none-eabi/6.3.1/../../../../arm-none-eabi/lib/thumb/v6-m\libcr_semihost_nf.a(__sys_remove.o)
                0x00002a24                __sys_remove
 .text.__sys_seek
                0x00002a30        0xc c:/nxp/mcuxpressoide_10.1.1_606/ide/tools/bin/../lib/gcc/arm-none-eabi/6.3.1/../../../../arm-none-eabi/lib/thumb/v6-m\libcr_semihost_nf.a(__sys_seek.o)
                0x00002a30                __sys_seek
 .text.__sys_tmpnam
                0x00002a3c        0xc c:/nxp/mcuxpressoide_10.1.1_606/ide/tools/bin/../lib/gcc/arm-none-eabi/6.3.1/../../../../arm-none-eabi/lib/thumb/v6-m\libcr_semihost_nf.a(__sys_tmpnam.o)
                0x00002a3c                __sys_tmpnam
 .text.__sys_write
                0x00002a48        0xc c:/nxp/mcuxpressoide_10.1.1_606/ide/tools/bin/../lib/gcc/arm-none-eabi/6.3.1/../../../../arm-none-eabi/lib/thumb/v6-m\libcr_semihost_nf.a(__sys_write.o)
                0x00002a48                __sys_write
 *(.rodata .rodata.* .constdata .constdata.*)
 .rodata        0x00002a54      0x11d ./drivers/fsl_clock.o
 *fill*         0x00002b71        0x3 ff
 .rodata.fllFactorTable.5202
                0x00002b74       0x10 ./drivers/fsl_clock.o
 .rodata        0x00002b84       0x62 ./drivers/fsl_gpio.o
 *fill*         0x00002be6        0x2 ff
 .rodata        0x00002be8      0x48c ./drivers/fsl_lpsci.o
 .rodata.s_uartBases
                0x00003074        0xc ./drivers/fsl_uart.o
 .rodata.s_uartClock
                0x00003080        0xc ./drivers/fsl_uart.o
 .rodata        0x0000308c      0x45b ./drivers/fsl_uart.o
 *fill*         0x000034e7        0x1 ff
 .rodata.mcgConfig_BOARD_BootClockRUN
                0x000034e8        0xa ./board/clock_config.o
                0x000034e8                mcgConfig_BOARD_BootClockRUN
 *fill*         0x000034f2        0x2 ff
 .rodata.simConfig_BOARD_BootClockRUN
                0x000034f4        0x8 ./board/clock_config.o
                0x000034f4                simConfig_BOARD_BootClockRUN
 .rodata.oscConfig_BOARD_BootClockRUN
                0x000034fc        0x8 ./board/clock_config.o
                0x000034fc                oscConfig_BOARD_BootClockRUN
 .rodata.__assertion_failed.str1.1
                0x00003504       0x15 c:/nxp/mcuxpressoide_10.1.1_606/ide/tools/bin/../lib/gcc/arm-none-eabi/6.3.1/../../../../arm-none-eabi/lib/thumb/v6-m\libcr_semihost_nf.a(_cr_assert.o)
 *fill*         0x00003519        0x3 ff
 .rodata.__num_Ciob_streams
                0x0000351c        0x4 c:/nxp/mcuxpressoide_10.1.1_606/ide/tools/bin/../lib/gcc/arm-none-eabi/6.3.1/../../../../arm-none-eabi/lib/thumb/v6-m\libcr_semihost_nf.a(__ciob.o)
                0x0000351c                __num_Ciob_streams
 .rodata._Csys_alloc.str1.1
                0x00003520       0x18 c:/nxp/mcuxpressoide_10.1.1_606/ide/tools/bin/../lib/gcc/arm-none-eabi/6.3.1/../../../../arm-none-eabi/lib/thumb/v6-m\libcr_c.a(alloc.o)
 .rodata._initio.str1.1
                0x00003538        0x4 c:/nxp/mcuxpressoide_10.1.1_606/ide/tools/bin/../lib/gcc/arm-none-eabi/6.3.1/../../../../arm-none-eabi/lib/thumb/v6-m\libcr_c.a(initio.o)
                0x0000353c                . = ALIGN (0x4)

.glue_7         0x0000353c        0x0
 .glue_7        0x0000353c        0x0 linker stubs

.glue_7t        0x0000353c        0x0
 .glue_7t       0x0000353c        0x0 linker stubs

.vfp11_veneer   0x0000353c        0x0
 .vfp11_veneer  0x0000353c        0x0 linker stubs

.v4_bx          0x0000353c        0x0
 .v4_bx         0x0000353c        0x0 linker stubs

.iplt           0x0000353c        0x0
 .iplt          0x0000353c        0x0 ./utilities/fsl_debug_console.o

.rel.dyn        0x0000353c        0x0
 .rel.iplt      0x0000353c        0x0 ./utilities/fsl_debug_console.o

.ARM.extab
 *(.ARM.extab* .gnu.linkonce.armextab.*)
                0x0000353c                __exidx_start = .

.ARM.exidx
 *(.ARM.exidx* .gnu.linkonce.armexidx.*)
                0x0000353c                __exidx_end = .
                0x0000353c                _etext = .

.m_usb_data
 *(m_usb_bdt)

.mtb_buffer_default
                0x1ffff000       0x80
 *(.mtb*)
 .mtb.$RAM1     0x1ffff000       0x80 ./source/mtb.o
                0x1ffff000                __mtb_buffer__

.uninit_RESERVED
                0x1ffff080        0x0
 *(.bss.$RESERVED*)
                0x1ffff080                . = ALIGN (0x4)
                0x1ffff080                _end_uninit_RESERVED = .

.data           0x1ffff080        0x8 load address 0x0000353c
 FILL mask 0xff
                0x1ffff080                _data = .
 *(vtable)
 *(.ramfunc*)
 *(.data*)
 .data.s_slowIrcFreq
                0x1ffff080        0x4 ./drivers/fsl_clock.o
 .data.SystemCoreClock
                0x1ffff084        0x4 ./CMSIS/system_MKL25Z4.o
                0x1ffff084                SystemCoreClock
                0x1ffff088                . = ALIGN (0x4)
                0x1ffff088                _edata = .

.igot.plt       0x1ffff088        0x0 load address 0x00003544
 .igot.plt      0x1ffff088        0x0 ./utilities/fsl_debug_console.o

.bss            0x1ffff088       0xf0 load address 0x00003544
                0x1ffff088                _bss = .
 *(.bss*)
 .bss.s_debugConsole
                0x1ffff088       0x10 ./utilities/fsl_debug_console.o
 .bss.rsb_Digito_unidad
                0x1ffff098        0x1 ./source/gpio_led_output.o
                0x1ffff098                rsb_Digito_unidad
 *fill*         0x1ffff099        0x3 
 .bss.g_xtal0Freq
                0x1ffff09c        0x4 ./drivers/fsl_clock.o
                0x1ffff09c                g_xtal0Freq
 .bss.s_lpsciHandle
                0x1ffff0a0        0x4 ./drivers/fsl_lpsci.o
 .bss.s_lpsciIsr
                0x1ffff0a4        0x4 ./drivers/fsl_lpsci.o
 .bss.s_uartHandle
                0x1ffff0a8        0xc ./drivers/fsl_uart.o
 .bss.s_uartIsr
                0x1ffff0b4        0x4 ./drivers/fsl_uart.o
 .bss.__Ciob    0x1ffff0b8       0xb4 c:/nxp/mcuxpressoide_10.1.1_606/ide/tools/bin/../lib/gcc/arm-none-eabi/6.3.1/../../../../arm-none-eabi/lib/thumb/v6-m\libcr_semihost_nf.a(__ciob.o)
                0x1ffff0b8                __Ciob
 .bss.__end_of_heap
                0x1ffff16c        0x4 c:/nxp/mcuxpressoide_10.1.1_606/ide/tools/bin/../lib/gcc/arm-none-eabi/6.3.1/../../../../arm-none-eabi/lib/thumb/v6-m\libcr_c.a(__init_alloc.o)
                0x1ffff16c                __end_of_heap
 .bss.__heaps   0x1ffff170        0x4 c:/nxp/mcuxpressoide_10.1.1_606/ide/tools/bin/../lib/gcc/arm-none-eabi/6.3.1/../../../../arm-none-eabi/lib/thumb/v6-m\libcr_c.a(__init_alloc.o)
                0x1ffff170                __heaps
 .bss.errno     0x1ffff174        0x4 c:/nxp/mcuxpressoide_10.1.1_606/ide/tools/bin/../lib/gcc/arm-none-eabi/6.3.1/../../../../arm-none-eabi/lib/thumb/v6-m\libcr_c.a(errno.o)
                0x1ffff174                errno
 *(COMMON)
                0x1ffff178                . = ALIGN (0x4)
                0x1ffff178                _ebss = .
                [!provide]                PROVIDE (end, .)

.noinit         0x1ffff178        0x0 load address 0x00003544
                0x1ffff178                _noinit = .
 *(.noinit*)
                0x1ffff178                . = ALIGN (0x4)
                0x1ffff178                _end_noinit = .
                0x00000400                _HeapSize = 0x400

.heap           0x1ffff178      0x400 load address 0x00003544
                0x1ffff178                _pvHeapStart = .
                0x1ffff578                . = (. + _HeapSize)
 *fill*         0x1ffff178      0x400 
                0x1ffff578                . = ALIGN (0x4)
                0x1ffff578                _pvHeapLimit = .
                0x00000400                _StackSize = 0x400

.heap2stackfill
                0x1ffff578      0x400 load address 0x00003544
                0x1ffff978                . = (. + _StackSize)
 *fill*         0x1ffff578      0x400 

.stack          0x20002c00        0x0
                0x20002c00                _vStackBase = .
                0x20002c00                . = ALIGN (0x4)
                0x20003000                _vStackTop = (. + _StackSize)
                0x00000000                _image_start = LOADADDR (.text)
                0x00003544                _image_end = (LOADADDR (.data) + SIZEOF (.data))
                0x00003544                _image_size = (_image_end - _image_start)
OUTPUT(frdmkl25z_driver_examples_gpio_led_output.axf elf32-littlearm)

.debug_info     0x00000000     0x7726
 .debug_info    0x00000000      0x95d ./utilities/fsl_debug_console.o
 .debug_info    0x0000095d      0x49e ./startup/startup_mkl25z4.o
 .debug_info    0x00000dfb      0x822 ./source/gpio_led_output.o
 .debug_info    0x0000161d       0x4d ./source/mtb.o
 .debug_info    0x0000166a       0x37 ./source/semihost_hardfault.o
 .debug_info    0x000016a1     0x194f ./drivers/fsl_clock.o
 .debug_info    0x00002ff0      0x533 ./drivers/fsl_gpio.o
 .debug_info    0x00003523     0x1385 ./drivers/fsl_lpsci.o
 .debug_info    0x000048a8     0x132f ./drivers/fsl_uart.o
 .debug_info    0x00005bd7      0x793 ./board/board.o
 .debug_info    0x0000636a      0xa61 ./board/clock_config.o
 .debug_info    0x00006dcb      0x55a ./board/pin_mux.o
 .debug_info    0x00007325      0x401 ./CMSIS/system_MKL25Z4.o

.debug_abbrev   0x00000000     0x1654
 .debug_abbrev  0x00000000      0x1ee ./utilities/fsl_debug_console.o
 .debug_abbrev  0x000001ee      0x16a ./startup/startup_mkl25z4.o
 .debug_abbrev  0x00000358      0x203 ./source/gpio_led_output.o
 .debug_abbrev  0x0000055b       0x3e ./source/mtb.o
 .debug_abbrev  0x00000599       0x2c ./source/semihost_hardfault.o
 .debug_abbrev  0x000005c5      0x322 ./drivers/fsl_clock.o
 .debug_abbrev  0x000008e7      0x191 ./drivers/fsl_gpio.o
 .debug_abbrev  0x00000a78      0x2c6 ./drivers/fsl_lpsci.o
 .debug_abbrev  0x00000d3e      0x2de ./drivers/fsl_uart.o
 .debug_abbrev  0x0000101c      0x180 ./board/board.o
 .debug_abbrev  0x0000119c      0x1ed ./board/clock_config.o
 .debug_abbrev  0x00001389      0x192 ./board/pin_mux.o
 .debug_abbrev  0x0000151b      0x139 ./CMSIS/system_MKL25Z4.o

.debug_aranges  0x00000000      0x758
 .debug_aranges
                0x00000000       0x48 ./utilities/fsl_debug_console.o
 .debug_aranges
                0x00000048      0x160 ./startup/startup_mkl25z4.o
 .debug_aranges
                0x000001a8       0x48 ./source/gpio_led_output.o
 .debug_aranges
                0x000001f0       0x18 ./source/mtb.o
 .debug_aranges
                0x00000208       0x20 ./source/semihost_hardfault.o
 .debug_aranges
                0x00000228      0x1d8 ./drivers/fsl_clock.o
 .debug_aranges
                0x00000400       0x40 ./drivers/fsl_gpio.o
 .debug_aranges
                0x00000440      0x118 ./drivers/fsl_lpsci.o
 .debug_aranges
                0x00000558      0x130 ./drivers/fsl_uart.o
 .debug_aranges
                0x00000688       0x28 ./board/board.o
 .debug_aranges
                0x000006b0       0x50 ./board/clock_config.o
 .debug_aranges
                0x00000700       0x30 ./board/pin_mux.o
 .debug_aranges
                0x00000730       0x28 ./CMSIS/system_MKL25Z4.o

.debug_ranges   0x00000000      0x680
 .debug_ranges  0x00000000       0x38 ./utilities/fsl_debug_console.o
 .debug_ranges  0x00000038      0x150 ./startup/startup_mkl25z4.o
 .debug_ranges  0x00000188       0x38 ./source/gpio_led_output.o
 .debug_ranges  0x000001c0       0x10 ./source/semihost_hardfault.o
 .debug_ranges  0x000001d0      0x1c8 ./drivers/fsl_clock.o
 .debug_ranges  0x00000398       0x30 ./drivers/fsl_gpio.o
 .debug_ranges  0x000003c8      0x108 ./drivers/fsl_lpsci.o
 .debug_ranges  0x000004d0      0x120 ./drivers/fsl_uart.o
 .debug_ranges  0x000005f0       0x18 ./board/board.o
 .debug_ranges  0x00000608       0x40 ./board/clock_config.o
 .debug_ranges  0x00000648       0x20 ./board/pin_mux.o
 .debug_ranges  0x00000668       0x18 ./CMSIS/system_MKL25Z4.o

.debug_line     0x00000000     0x297a
 .debug_line    0x00000000      0x2c9 ./utilities/fsl_debug_console.o
 .debug_line    0x000002c9      0x128 ./startup/startup_mkl25z4.o
 .debug_line    0x000003f1      0x3f1 ./source/gpio_led_output.o
 .debug_line    0x000007e2       0x30 ./source/mtb.o
 .debug_line    0x00000812       0x54 ./source/semihost_hardfault.o
 .debug_line    0x00000866      0x920 ./drivers/fsl_clock.o
 .debug_line    0x00001186      0x210 ./drivers/fsl_gpio.o
 .debug_line    0x00001396      0x6d6 ./drivers/fsl_lpsci.o
 .debug_line    0x00001a6c      0x6d9 ./drivers/fsl_uart.o
 .debug_line    0x00002145      0x214 ./board/board.o
 .debug_line    0x00002359      0x2a3 ./board/clock_config.o
 .debug_line    0x000025fc      0x22d ./board/pin_mux.o
 .debug_line    0x00002829      0x151 ./CMSIS/system_MKL25Z4.o

.debug_str      0x00000000     0x39e0
 .debug_str     0x00000000      0xb0e ./utilities/fsl_debug_console.o
                                0xb84 (size before relaxing)
 .debug_str     0x00000b0e      0x394 ./startup/startup_mkl25z4.o
                                0x4e3 (size before relaxing)
 .debug_str     0x00000ea2      0x4b5 ./source/gpio_led_output.o
                                0xc20 (size before relaxing)
 .debug_str     0x00001357       0x1f ./source/mtb.o
                                0x160 (size before relaxing)
 .debug_str     0x00001376       0x1f ./source/semihost_hardfault.o
                                0x164 (size before relaxing)
 .debug_str     0x00001395      0xde5 ./drivers/fsl_clock.o
                               0x180e (size before relaxing)
 .debug_str     0x0000217a       0xcc ./drivers/fsl_gpio.o
                                0x835 (size before relaxing)
 .debug_str     0x00002246      0xb8a ./drivers/fsl_lpsci.o
                               0x15d6 (size before relaxing)
 .debug_str     0x00002dd0      0x819 ./drivers/fsl_uart.o
                               0x15e2 (size before relaxing)
 .debug_str     0x000035e9       0x4c ./board/board.o
                                0x761 (size before relaxing)
 .debug_str     0x00003635      0x222 ./board/clock_config.o
                                0xde0 (size before relaxing)
 .debug_str     0x00003857      0x13a ./board/pin_mux.o
                                0x5eb (size before relaxing)
 .debug_str     0x00003991       0x4f ./CMSIS/system_MKL25Z4.o
                                0x34f (size before relaxing)

.comment        0x00000000       0x7f
 .comment       0x00000000       0x7f ./utilities/fsl_debug_console.o
                                 0x80 (size before relaxing)
 .comment       0x0000007f       0x80 ./startup/startup_mkl25z4.o
 .comment       0x0000007f       0x80 ./source/gpio_led_output.o
 .comment       0x0000007f       0x80 ./source/mtb.o
 .comment       0x0000007f       0x80 ./source/semihost_hardfault.o
 .comment       0x0000007f       0x80 ./drivers/fsl_clock.o
 .comment       0x0000007f       0x80 ./drivers/fsl_gpio.o
 .comment       0x0000007f       0x80 ./drivers/fsl_lpsci.o
 .comment       0x0000007f       0x80 ./drivers/fsl_uart.o
 .comment       0x0000007f       0x80 ./board/board.o
 .comment       0x0000007f       0x80 ./board/clock_config.o
 .comment       0x0000007f       0x80 ./board/pin_mux.o
 .comment       0x0000007f       0x80 ./CMSIS/system_MKL25Z4.o
 .comment       0x0000007f       0x80 c:/nxp/mcuxpressoide_10.1.1_606/ide/tools/bin/../lib/gcc/arm-none-eabi/6.3.1/../../../../arm-none-eabi/lib/thumb/v6-m\libcr_semihost_nf.a(_cr__main.o)
 .comment       0x0000007f       0x80 c:/nxp/mcuxpressoide_10.1.1_606/ide/tools/bin/../lib/gcc/arm-none-eabi/6.3.1/../../../../arm-none-eabi/lib/thumb/v6-m\libcr_semihost_nf.a(_cr_assert.o)
 .comment       0x0000007f       0x80 c:/nxp/mcuxpressoide_10.1.1_606/ide/tools/bin/../lib/gcc/arm-none-eabi/6.3.1/../../../../arm-none-eabi/lib/thumb/v6-m\libcr_semihost_nf.a(__ciob.o)
 .comment       0x0000007f       0x80 c:/nxp/mcuxpressoide_10.1.1_606/ide/tools/bin/../lib/gcc/arm-none-eabi/6.3.1/../../../../arm-none-eabi/lib/thumb/v6-m\libcr_c.a(memset.o)
 .comment       0x0000007f       0x80 c:/nxp/mcuxpressoide_10.1.1_606/ide/tools/bin/../lib/gcc/arm-none-eabi/6.3.1/../../../../arm-none-eabi/lib/thumb/v6-m\libcr_c.a(_deferredlazyseek.o)
 .comment       0x0000007f       0x80 c:/nxp/mcuxpressoide_10.1.1_606/ide/tools/bin/../lib/gcc/arm-none-eabi/6.3.1/../../../../arm-none-eabi/lib/thumb/v6-m\libcr_c.a(_fflush.o)
 .comment       0x0000007f       0x80 c:/nxp/mcuxpressoide_10.1.1_606/ide/tools/bin/../lib/gcc/arm-none-eabi/6.3.1/../../../../arm-none-eabi/lib/thumb/v6-m\libcr_c.a(_writebuf.o)
 .comment       0x0000007f       0x80 c:/nxp/mcuxpressoide_10.1.1_606/ide/tools/bin/../lib/gcc/arm-none-eabi/6.3.1/../../../../arm-none-eabi/lib/thumb/v6-m\libcr_c.a(alloc.o)
 .comment       0x0000007f       0x80 c:/nxp/mcuxpressoide_10.1.1_606/ide/tools/bin/../lib/gcc/arm-none-eabi/6.3.1/../../../../arm-none-eabi/lib/thumb/v6-m\libcr_c.a(fputs.o)
 .comment       0x0000007f       0x80 c:/nxp/mcuxpressoide_10.1.1_606/ide/tools/bin/../lib/gcc/arm-none-eabi/6.3.1/../../../../arm-none-eabi/lib/thumb/v6-m\libcr_c.a(fseek.o)
 .comment       0x0000007f       0x80 c:/nxp/mcuxpressoide_10.1.1_606/ide/tools/bin/../lib/gcc/arm-none-eabi/6.3.1/../../../../arm-none-eabi/lib/thumb/v6-m\libcr_c.a(ftell.o)
 .comment       0x0000007f       0x80 c:/nxp/mcuxpressoide_10.1.1_606/ide/tools/bin/../lib/gcc/arm-none-eabi/6.3.1/../../../../arm-none-eabi/lib/thumb/v6-m\libcr_c.a(initio.o)
 .comment       0x0000007f       0x80 c:/nxp/mcuxpressoide_10.1.1_606/ide/tools/bin/../lib/gcc/arm-none-eabi/6.3.1/../../../../arm-none-eabi/lib/thumb/v6-m\libcr_c.a(setvbuf.o)
 .comment       0x0000007f       0x80 c:/nxp/mcuxpressoide_10.1.1_606/ide/tools/bin/../lib/gcc/arm-none-eabi/6.3.1/../../../../arm-none-eabi/lib/thumb/v6-m\libcr_c.a(__init_alloc.o)
 .comment       0x0000007f       0x80 c:/nxp/mcuxpressoide_10.1.1_606/ide/tools/bin/../lib/gcc/arm-none-eabi/6.3.1/../../../../arm-none-eabi/lib/thumb/v6-m\libcr_c.a(_cr_sbrk.o)
 .comment       0x0000007f       0x80 c:/nxp/mcuxpressoide_10.1.1_606/ide/tools/bin/../lib/gcc/arm-none-eabi/6.3.1/../../../../arm-none-eabi/lib/thumb/v6-m\libcr_c.a(_fdopen.o)
 .comment       0x0000007f       0x80 c:/nxp/mcuxpressoide_10.1.1_606/ide/tools/bin/../lib/gcc/arm-none-eabi/6.3.1/../../../../arm-none-eabi/lib/thumb/v6-m\libcr_c.a(errno.o)
 .comment       0x0000007f       0x80 c:/nxp/mcuxpressoide_10.1.1_606/ide/tools/bin/../lib/gcc/arm-none-eabi/6.3.1/../../../../arm-none-eabi/lib/thumb/v6-m\libcr_c.a(fclose.o)
 .comment       0x0000007f       0x80 c:/nxp/mcuxpressoide_10.1.1_606/ide/tools/bin/../lib/gcc/arm-none-eabi/6.3.1/../../../../arm-none-eabi/lib/thumb/v6-m\libcr_c.a(fflush.o)
 .comment       0x0000007f       0x80 c:/nxp/mcuxpressoide_10.1.1_606/ide/tools/bin/../lib/gcc/arm-none-eabi/6.3.1/../../../../arm-none-eabi/lib/thumb/v6-m\libcr_c.a(remove.o)
 .comment       0x0000007f       0x80 c:/nxp/mcuxpressoide_10.1.1_606/ide/tools/bin/../lib/gcc/arm-none-eabi/6.3.1/../../../../arm-none-eabi/lib/thumb/v6-m\libcr_c.a(strlen.o)
 .comment       0x0000007f       0x80 c:/nxp/mcuxpressoide_10.1.1_606/ide/tools/bin/../lib/gcc/arm-none-eabi/6.3.1/../../../../arm-none-eabi/lib/thumb/v6-m\libcr_c.a(_cr_check_heap.o)
 .comment       0x0000007f       0x80 c:/nxp/mcuxpressoide_10.1.1_606/ide/tools/bin/../lib/gcc/arm-none-eabi/6.3.1/../../../../arm-none-eabi/lib/thumb/v6-m\libcr_c.a(_do_fflush.o)

.ARM.attributes
                0x00000000       0x30
 .ARM.attributes
                0x00000000       0x32 ./utilities/fsl_debug_console.o
 .ARM.attributes
                0x00000032       0x32 ./startup/startup_mkl25z4.o
 .ARM.attributes
                0x00000064       0x32 ./source/gpio_led_output.o
 .ARM.attributes
                0x00000096       0x32 ./source/mtb.o
 .ARM.attributes
                0x000000c8       0x32 ./source/semihost_hardfault.o
 .ARM.attributes
                0x000000fa       0x32 ./drivers/fsl_clock.o
 .ARM.attributes
                0x0000012c       0x32 ./drivers/fsl_gpio.o
 .ARM.attributes
                0x0000015e       0x32 ./drivers/fsl_lpsci.o
 .ARM.attributes
                0x00000190       0x32 ./drivers/fsl_uart.o
 .ARM.attributes
                0x000001c2       0x32 ./board/board.o
 .ARM.attributes
                0x000001f4       0x32 ./board/clock_config.o
 .ARM.attributes
                0x00000226       0x32 ./board/pin_mux.o
 .ARM.attributes
                0x00000258       0x32 ./CMSIS/system_MKL25Z4.o
 .ARM.attributes
                0x0000028a       0x31 c:/nxp/mcuxpressoide_10.1.1_606/ide/tools/bin/../lib/gcc/arm-none-eabi/6.3.1/../../../../arm-none-eabi/lib/thumb/v6-m\libcr_semihost_nf.a(_cr__main.o)
 .ARM.attributes
                0x000002bb       0x31 c:/nxp/mcuxpressoide_10.1.1_606/ide/tools/bin/../lib/gcc/arm-none-eabi/6.3.1/../../../../arm-none-eabi/lib/thumb/v6-m\libcr_semihost_nf.a(_cr_assert.o)
 .ARM.attributes
                0x000002ec       0x31 c:/nxp/mcuxpressoide_10.1.1_606/ide/tools/bin/../lib/gcc/arm-none-eabi/6.3.1/../../../../arm-none-eabi/lib/thumb/v6-m\libcr_semihost_nf.a(__ciob.o)
 .ARM.attributes
                0x0000031d       0x21 c:/nxp/mcuxpressoide_10.1.1_606/ide/tools/bin/../lib/gcc/arm-none-eabi/6.3.1/../../../../arm-none-eabi/lib/thumb/v6-m\libcr_semihost_nf.a(__sys_appexit.o)
 .ARM.attributes
                0x0000033e       0x31 c:/nxp/mcuxpressoide_10.1.1_606/ide/tools/bin/../lib/gcc/arm-none-eabi/6.3.1/../../../../arm-none-eabi/lib/thumb/v6-m\libcr_c.a(memset.o)
 .ARM.attributes
                0x0000036f       0x31 c:/nxp/mcuxpressoide_10.1.1_606/ide/tools/bin/../lib/gcc/arm-none-eabi/6.3.1/../../../../arm-none-eabi/lib/thumb/v6-m\libcr_c.a(_deferredlazyseek.o)
 .ARM.attributes
                0x000003a0       0x31 c:/nxp/mcuxpressoide_10.1.1_606/ide/tools/bin/../lib/gcc/arm-none-eabi/6.3.1/../../../../arm-none-eabi/lib/thumb/v6-m\libcr_c.a(_fflush.o)
 .ARM.attributes
                0x000003d1       0x31 c:/nxp/mcuxpressoide_10.1.1_606/ide/tools/bin/../lib/gcc/arm-none-eabi/6.3.1/../../../../arm-none-eabi/lib/thumb/v6-m\libcr_c.a(_writebuf.o)
 .ARM.attributes
                0x00000402       0x31 c:/nxp/mcuxpressoide_10.1.1_606/ide/tools/bin/../lib/gcc/arm-none-eabi/6.3.1/../../../../arm-none-eabi/lib/thumb/v6-m\libcr_c.a(alloc.o)
 .ARM.attributes
                0x00000433       0x31 c:/nxp/mcuxpressoide_10.1.1_606/ide/tools/bin/../lib/gcc/arm-none-eabi/6.3.1/../../../../arm-none-eabi/lib/thumb/v6-m\libcr_c.a(fputs.o)
 .ARM.attributes
                0x00000464       0x31 c:/nxp/mcuxpressoide_10.1.1_606/ide/tools/bin/../lib/gcc/arm-none-eabi/6.3.1/../../../../arm-none-eabi/lib/thumb/v6-m\libcr_c.a(fseek.o)
 .ARM.attributes
                0x00000495       0x31 c:/nxp/mcuxpressoide_10.1.1_606/ide/tools/bin/../lib/gcc/arm-none-eabi/6.3.1/../../../../arm-none-eabi/lib/thumb/v6-m\libcr_c.a(ftell.o)
 .ARM.attributes
                0x000004c6       0x31 c:/nxp/mcuxpressoide_10.1.1_606/ide/tools/bin/../lib/gcc/arm-none-eabi/6.3.1/../../../../arm-none-eabi/lib/thumb/v6-m\libcr_c.a(initio.o)
 .ARM.attributes
                0x000004f7       0x31 c:/nxp/mcuxpressoide_10.1.1_606/ide/tools/bin/../lib/gcc/arm-none-eabi/6.3.1/../../../../arm-none-eabi/lib/thumb/v6-m\libcr_c.a(setvbuf.o)
 .ARM.attributes
                0x00000528       0x31 c:/nxp/mcuxpressoide_10.1.1_606/ide/tools/bin/../lib/gcc/arm-none-eabi/6.3.1/../../../../arm-none-eabi/lib/thumb/v6-m\libcr_c.a(__init_alloc.o)
 .ARM.attributes
                0x00000559       0x31 c:/nxp/mcuxpressoide_10.1.1_606/ide/tools/bin/../lib/gcc/arm-none-eabi/6.3.1/../../../../arm-none-eabi/lib/thumb/v6-m\libcr_c.a(_cr_sbrk.o)
 .ARM.attributes
                0x0000058a       0x31 c:/nxp/mcuxpressoide_10.1.1_606/ide/tools/bin/../lib/gcc/arm-none-eabi/6.3.1/../../../../arm-none-eabi/lib/thumb/v6-m\libcr_c.a(_fdopen.o)
 .ARM.attributes
                0x000005bb       0x31 c:/nxp/mcuxpressoide_10.1.1_606/ide/tools/bin/../lib/gcc/arm-none-eabi/6.3.1/../../../../arm-none-eabi/lib/thumb/v6-m\libcr_c.a(errno.o)
 .ARM.attributes
                0x000005ec       0x31 c:/nxp/mcuxpressoide_10.1.1_606/ide/tools/bin/../lib/gcc/arm-none-eabi/6.3.1/../../../../arm-none-eabi/lib/thumb/v6-m\libcr_c.a(fclose.o)
 .ARM.attributes
                0x0000061d       0x31 c:/nxp/mcuxpressoide_10.1.1_606/ide/tools/bin/../lib/gcc/arm-none-eabi/6.3.1/../../../../arm-none-eabi/lib/thumb/v6-m\libcr_c.a(fflush.o)
 .ARM.attributes
                0x0000064e       0x31 c:/nxp/mcuxpressoide_10.1.1_606/ide/tools/bin/../lib/gcc/arm-none-eabi/6.3.1/../../../../arm-none-eabi/lib/thumb/v6-m\libcr_c.a(remove.o)
 .ARM.attributes
                0x0000067f       0x31 c:/nxp/mcuxpressoide_10.1.1_606/ide/tools/bin/../lib/gcc/arm-none-eabi/6.3.1/../../../../arm-none-eabi/lib/thumb/v6-m\libcr_c.a(strlen.o)
 .ARM.attributes
                0x000006b0       0x31 c:/nxp/mcuxpressoide_10.1.1_606/ide/tools/bin/../lib/gcc/arm-none-eabi/6.3.1/../../../../arm-none-eabi/lib/thumb/v6-m\libcr_c.a(_cr_check_heap.o)
 .ARM.attributes
                0x000006e1       0x31 c:/nxp/mcuxpressoide_10.1.1_606/ide/tools/bin/../lib/gcc/arm-none-eabi/6.3.1/../../../../arm-none-eabi/lib/thumb/v6-m\libcr_c.a(_do_fflush.o)
 .ARM.attributes
                0x00000712       0x21 c:/nxp/mcuxpressoide_10.1.1_606/ide/tools/bin/../lib/gcc/arm-none-eabi/6.3.1/thumb/v6-m\libcr_eabihelpers.a(division_32.o)
 .ARM.attributes
                0x00000733       0x21 c:/nxp/mcuxpressoide_10.1.1_606/ide/tools/bin/../lib/gcc/arm-none-eabi/6.3.1/thumb/v6-m\libcr_eabihelpers.a(division_idiv0.o)
 .ARM.attributes
                0x00000754       0x21 c:/nxp/mcuxpressoide_10.1.1_606/ide/tools/bin/../lib/gcc/arm-none-eabi/6.3.1/thumb/v6-m\libcr_eabihelpers.a(memcpy.o)
 .ARM.attributes
                0x00000775       0x21 c:/nxp/mcuxpressoide_10.1.1_606/ide/tools/bin/../lib/gcc/arm-none-eabi/6.3.1/../../../../arm-none-eabi/lib/thumb/v6-m\libcr_semihost_nf.a(__sys_close.o)
 .ARM.attributes
                0x00000796       0x21 c:/nxp/mcuxpressoide_10.1.1_606/ide/tools/bin/../lib/gcc/arm-none-eabi/6.3.1/../../../../arm-none-eabi/lib/thumb/v6-m\libcr_semihost_nf.a(__sys_flen.o)
 .ARM.attributes
                0x000007b7       0x21 c:/nxp/mcuxpressoide_10.1.1_606/ide/tools/bin/../lib/gcc/arm-none-eabi/6.3.1/../../../../arm-none-eabi/lib/thumb/v6-m\libcr_semihost_nf.a(__sys_istty.o)
 .ARM.attributes
                0x000007d8       0x21 c:/nxp/mcuxpressoide_10.1.1_606/ide/tools/bin/../lib/gcc/arm-none-eabi/6.3.1/../../../../arm-none-eabi/lib/thumb/v6-m\libcr_semihost_nf.a(__sys_remove.o)
 .ARM.attributes
                0x000007f9       0x21 c:/nxp/mcuxpressoide_10.1.1_606/ide/tools/bin/../lib/gcc/arm-none-eabi/6.3.1/../../../../arm-none-eabi/lib/thumb/v6-m\libcr_semihost_nf.a(__sys_seek.o)
 .ARM.attributes
                0x0000081a       0x21 c:/nxp/mcuxpressoide_10.1.1_606/ide/tools/bin/../lib/gcc/arm-none-eabi/6.3.1/../../../../arm-none-eabi/lib/thumb/v6-m\libcr_semihost_nf.a(__sys_tmpnam.o)
 .ARM.attributes
                0x0000083b       0x21 c:/nxp/mcuxpressoide_10.1.1_606/ide/tools/bin/../lib/gcc/arm-none-eabi/6.3.1/../../../../arm-none-eabi/lib/thumb/v6-m\libcr_semihost_nf.a(__sys_write.o)

.debug_frame    0x00000000     0x1758
 .debug_frame   0x00000000       0xcc ./utilities/fsl_debug_console.o
 .debug_frame   0x000000cc      0x3b0 ./startup/startup_mkl25z4.o
 .debug_frame   0x0000047c       0xd0 ./source/gpio_led_output.o
 .debug_frame   0x0000054c       0x20 ./source/semihost_hardfault.o
 .debug_frame   0x0000056c      0x6dc ./drivers/fsl_clock.o
 .debug_frame   0x00000c48       0xb0 ./drivers/fsl_gpio.o
 .debug_frame   0x00000cf8      0x410 ./drivers/fsl_lpsci.o
 .debug_frame   0x00001108      0x464 ./drivers/fsl_uart.o
 .debug_frame   0x0000156c       0x50 ./board/board.o
 .debug_frame   0x000015bc       0xe4 ./board/clock_config.o
 .debug_frame   0x000016a0       0x6c ./board/pin_mux.o
 .debug_frame   0x0000170c       0x4c ./CMSIS/system_MKL25Z4.o
